2025-03-01 09:42:25,112 [INFO] Reading configuration from C:\FAV\FAV\3.rocnik\bakalarka\Thien_model\CNNTransformerLSTM-main\CNNTransformerLSTM-main\src\config.ini.
2025-03-01 09:42:28,635 [INFO] Reading configuration from C:\FAV\FAV\3.rocnik\bakalarka\Thien_model\CNNTransformerLSTM-main\CNNTransformerLSTM-main\src\config.ini.
2025-03-01 10:03:27,889 [INFO] Reading configuration from C:\FAV\FAV\3.rocnik\bakalarka\Thien_model\CNNTransformerLSTM-main\CNNTransformerLSTM-main\src\config.ini.
2025-03-01 10:03:30,834 [INFO] Reading configuration from C:\FAV\FAV\3.rocnik\bakalarka\Thien_model\CNNTransformerLSTM-main\CNNTransformerLSTM-main\src\config.ini.
2025-03-01 10:03:35,388 [INFO] Classification type is set to binary (movement vs resting).
2025-03-01 10:03:35,389 [INFO] Loading and preprocessing input data.
2025-03-13 15:38:09,618 [INFO] Reading configuration from C:\FAV\FAV\3.rocnik\bakalarka\Thien_model\CNNTransformerLSTM-main\CNNTransformerLSTM-main\src\config.ini.
2025-03-13 15:38:12,071 [INFO] Reading configuration from C:\FAV\FAV\3.rocnik\bakalarka\Thien_model\CNNTransformerLSTM-main\CNNTransformerLSTM-main\src\config.ini.
2025-03-13 15:38:12,081 [INFO] Classification type is set to binary (movement vs resting).
2025-03-13 15:38:12,081 [INFO] Loading and preprocessing input data.
2025-03-13 15:38:42,657 [INFO] Reading configuration from C:\FAV\FAV\3.rocnik\bakalarka\Thien_model\CNNTransformerLSTM-main\CNNTransformerLSTM-main\src\config.ini.
2025-03-13 15:38:44,792 [INFO] Reading configuration from C:\FAV\FAV\3.rocnik\bakalarka\Thien_model\CNNTransformerLSTM-main\CNNTransformerLSTM-main\src\config.ini.
2025-03-13 15:38:44,798 [INFO] Classification type is set to binary (movement vs resting).
2025-03-13 15:38:44,798 [INFO] Loading and preprocessing input data.
2025-03-13 15:38:46,897 [INFO] Preprocessing took 00:00:2.099.
2025-03-13 15:38:46,920 [INFO] Plotting input data as 2D t-SNE representation.
2025-03-13 15:38:49,991 [INFO] Train shape: (288, 64, 700).
2025-03-13 15:38:49,991 [INFO] Test shape: (72, 64, 700).
2025-03-13 15:38:50,013 [INFO] Running classification on data set of shape (360, 64, 700), using CNNTransformerLSTM classifier.
2025-03-13 15:38:50,168 [INFO] Serializing object for CNNTransformerLSTM to trained_models/CNNTransformerLSTM/CNNTransformerLSTM_scaler_time_series_binary.pkl.
2025-03-13 15:38:50,172 [INFO] Cross validation fold: 1/10.
2025-03-13 15:39:00,863 [INFO] Reading configuration from C:\FAV\FAV\3.rocnik\bakalarka\Thien_model\CNNTransformerLSTM-main\CNNTransformerLSTM-main\src\config.ini.
2025-03-13 15:39:03,052 [INFO] Reading configuration from C:\FAV\FAV\3.rocnik\bakalarka\Thien_model\CNNTransformerLSTM-main\CNNTransformerLSTM-main\src\config.ini.
2025-03-13 15:39:40,938 [INFO] Reading configuration from C:\FAV\FAV\3.rocnik\bakalarka\Thien_model\CNNTransformerLSTM-main\CNNTransformerLSTM-main\src\config.ini.
2025-03-13 15:39:41,223 [INFO] Reading configuration from C:\FAV\FAV\3.rocnik\bakalarka\Thien_model\CNNTransformerLSTM-main\CNNTransformerLSTM-main\src\config.ini.
2025-03-13 15:39:41,229 [INFO] Classification type is set to binary (movement vs resting).
2025-03-13 15:39:41,229 [INFO] Loading and preprocessing input data.
2025-03-13 15:39:42,761 [INFO] Preprocessing took 00:00:1.531.
2025-03-13 15:39:42,774 [INFO] Plotting input data as 2D t-SNE representation.
2025-03-13 15:39:44,310 [INFO] Train shape: (288, 64, 700).
2025-03-13 15:39:44,310 [INFO] Test shape: (72, 64, 700).
2025-03-13 15:39:44,322 [INFO] Running classification on data set of shape (360, 64, 700), using CNNTransformerLSTM classifier.
2025-03-13 15:39:44,455 [INFO] Serializing object for CNNTransformerLSTM to trained_models/CNNTransformerLSTM/CNNTransformerLSTM_scaler_time_series_binary.pkl.
2025-03-13 15:39:44,458 [INFO] Cross validation fold: 1/10.
2025-03-13 15:39:52,079 [INFO] Reading configuration from C:\FAV\FAV\3.rocnik\bakalarka\Thien_model\CNNTransformerLSTM-main\CNNTransformerLSTM-main\src\config.ini.
2025-03-13 15:39:53,113 [INFO] Reading configuration from C:\FAV\FAV\3.rocnik\bakalarka\Thien_model\CNNTransformerLSTM-main\CNNTransformerLSTM-main\src\config.ini.
2025-03-13 15:40:17,534 [INFO] Loading temporary train model for fold 1.
2025-03-13 15:40:17,539 [ERROR] Unable to read temporarily saved model No file or directory found at fold_model_temp_1
2025-03-13 15:40:17,539 [ERROR] Unable to read temporarily saved training history [Errno 2] No such file or directory: 'fold_history_temp_1.pkl'
2025-03-13 15:40:25,098 [INFO] Reading configuration from C:\FAV\FAV\3.rocnik\bakalarka\Thien_model\CNNTransformerLSTM-main\CNNTransformerLSTM-main\src\config.ini.
2025-03-13 15:40:25,325 [INFO] Reading configuration from C:\FAV\FAV\3.rocnik\bakalarka\Thien_model\CNNTransformerLSTM-main\CNNTransformerLSTM-main\src\config.ini.
2025-03-13 15:40:25,334 [INFO] Loading temporary train model for fold 1.
2025-03-13 15:40:25,335 [ERROR] Unable to read temporarily saved model No file or directory found at fold_model_temp_1
2025-03-13 15:44:36,541 [INFO] Reading configuration from C:\FAV\FAV\3.rocnik\bakalarka\Thien_model\CNNTransformerLSTM-main\CNNTransformerLSTM-main\src\config.ini.
2025-03-13 15:44:36,825 [INFO] Reading configuration from C:\FAV\FAV\3.rocnik\bakalarka\Thien_model\CNNTransformerLSTM-main\CNNTransformerLSTM-main\src\config.ini.
2025-03-13 15:44:36,829 [INFO] Classification type is set to binary (movement vs resting).
2025-03-13 15:44:36,829 [INFO] Loading and preprocessing input data.
2025-03-13 15:44:38,334 [INFO] Preprocessing took 00:00:1.505.
2025-03-13 15:44:38,346 [INFO] Plotting input data as 2D t-SNE representation.
2025-03-13 15:44:39,887 [INFO] Train shape: (288, 64, 700).
2025-03-13 15:44:39,888 [INFO] Test shape: (72, 64, 700).
2025-03-13 15:44:39,899 [INFO] Running classification on data set of shape (360, 64, 700), using CNNTransformerLSTM classifier.
2025-03-13 15:44:40,027 [INFO] Serializing object for CNNTransformerLSTM to trained_models/CNNTransformerLSTM/CNNTransformerLSTM_scaler_time_series_binary.pkl.
2025-03-13 15:44:40,030 [INFO] Cross validation fold: 1/10.
2025-03-13 15:46:06,788 [INFO] Reading configuration from C:\FAV\FAV\3.rocnik\bakalarka\Thien_model\CNNTransformerLSTM-main\CNNTransformerLSTM-main\src\config.ini.
2025-03-13 15:46:07,010 [INFO] Reading configuration from C:\FAV\FAV\3.rocnik\bakalarka\Thien_model\CNNTransformerLSTM-main\CNNTransformerLSTM-main\src\config.ini.
2025-03-13 15:46:07,016 [INFO] Classification type is set to binary (movement vs resting).
2025-03-13 15:46:07,016 [INFO] Loading and preprocessing input data.
2025-03-13 15:46:57,523 [INFO] Preprocessing took 00:00:50.500.
2025-03-13 15:46:57,883 [INFO] Plotting input data as 2D t-SNE representation.
2025-03-13 15:48:03,909 [INFO] Reading configuration from C:\FAV\FAV\3.rocnik\bakalarka\Thien_model\CNNTransformerLSTM-main\CNNTransformerLSTM-main\src\config.ini.
2025-03-13 15:48:05,793 [INFO] Reading configuration from C:\FAV\FAV\3.rocnik\bakalarka\Thien_model\CNNTransformerLSTM-main\CNNTransformerLSTM-main\src\config.ini.
2025-03-13 15:48:05,800 [INFO] Classification type is set to binary (movement vs resting).
2025-03-13 15:48:05,800 [INFO] Loading and preprocessing input data.
2025-03-13 15:48:43,130 [INFO] Preprocessing took 00:00:37.330.
2025-03-13 15:48:43,915 [INFO] Train shape: (288, 64, 20, 700).
2025-03-13 15:48:43,915 [INFO] Test shape: (72, 64, 20, 700).
2025-03-13 15:48:44,149 [INFO] Running classification on data set of shape (360, 64, 20, 700), using CNNTransformerLSTM classifier.
2025-03-13 15:48:47,505 [INFO] Serializing object for CNNTransformerLSTM to trained_models/CNNTransformerLSTM/CNNTransformerLSTM_scaler_time_frequency_binary.pkl.
2025-03-13 15:48:47,532 [INFO] Cross validation fold: 1/10.
2025-03-13 15:49:31,043 [WARNING] Found untraced functions such as _jit_compiled_convolution_op, _jit_compiled_convolution_op, _jit_compiled_convolution_op, _jit_compiled_convolution_op, query_layer_call_fn while saving (showing 5 of 18). These functions will not be directly callable after loading.
2025-03-13 15:49:34,067 [INFO] Assets written to: model\assets
2025-03-13 15:50:14,732 [INFO] Reading configuration from C:\FAV\FAV\3.rocnik\bakalarka\Thien_model\CNNTransformerLSTM-main\CNNTransformerLSTM-main\src\config.ini.
2025-03-13 15:50:17,671 [INFO] Reading configuration from C:\FAV\FAV\3.rocnik\bakalarka\Thien_model\CNNTransformerLSTM-main\CNNTransformerLSTM-main\src\config.ini.
2025-03-13 15:50:17,678 [INFO] Classification type is set to binary (movement vs resting).
2025-03-13 15:50:17,678 [INFO] Loading and preprocessing input data.
2025-03-13 15:50:54,640 [INFO] Preprocessing took 00:00:36.961.
2025-03-13 15:50:55,425 [INFO] Train shape: (288, 64, 20, 700).
2025-03-13 15:50:55,425 [INFO] Test shape: (72, 64, 20, 700).
2025-03-13 15:50:55,679 [INFO] Running classification on data set of shape (360, 64, 20, 700), using CNNTransformerLSTM classifier.
2025-03-13 15:50:59,342 [INFO] Serializing object for CNNTransformerLSTM to trained_models/CNNTransformerLSTM/CNNTransformerLSTM_scaler_time_frequency_binary.pkl.
2025-03-13 15:50:59,370 [INFO] Cross validation fold: 1/10.
